// Jest Snapshot v1, https://goo.gl/fbAQLP

exports[`App connected should render correctly 1`] = `
<ContextConsumer>
  <Component />
</ContextConsumer>
`;

exports[`App renders correctly 1`] = `<Base />`;
